menu.id = "file";
menu.value = "File";
menu.popup.menuitem = [{"value": "New", "onclick": "CreateNewDoc()"}, {"value": "Open", "onclick": "OpenDoc()"}, {"value": "Close", "onclick": "CloseDoc()"}];
