Sum of columns Age, Salary:
Age: 1581.0
Salary: 3135000.0
